wrote immutable source manifest /Users/david/s2-t0/sp256/source-manifest.json (sha256:7b474c51199488f5226813bbd0e3b3f91aa5ced3e65ade2bc3eac599dde0c718)
marina-webster-beach: first run across 4 capture(s)
2026/09/27 07:35:08 ran database initialisation script
2026/09/27 07:35:08 [migrate] 1/u original_schema (828.792µs)
2026/09/27 07:35:08 [migrate] 2/u json_and_write_timestamp (1.31425ms)
2026/09/27 07:35:08 [migrate] 3/u rename_tables (2.8825ms)
2026/09/27 07:35:08 [migrate] 4/u create_lidar_bg_snapshot (2.490833ms)
2026/09/27 07:35:08 [migrate] 5/u create_radar_data_transits (2.649958ms)
2026/09/27 07:35:08 [migrate] 6/u create_radar_transit_links (3.336541ms)
2026/09/27 07:35:08 [migrate] 7/u create_site_table (3.416959ms)
2026/09/27 07:35:08 [migrate] 8/u create_site_reports (3.66125ms)
2026/09/27 07:35:08 [migrate] 9/u add_velocity_report_prefix (3.70025ms)
2026/09/27 07:35:08 [migrate] 10/u create_lidar_tracks (4.025583ms)
2026/09/27 07:35:08 [migrate] 11/u create_lidar_analysis_runs (4.4465ms)
2026/09/27 07:35:08 [migrate] 12/u add_track_quality_metrics (5.865333ms)
2026/09/27 07:35:08 [migrate] 13/u create_site_config_periods (5.180166ms)
2026/09/27 07:35:08 [migrate] 14/u remove_site_config_fields (5.192375ms)
2026/09/27 07:35:08 [migrate] 15/u add_site_map_fields (6.436583ms)
2026/09/27 07:35:08 [migrate] 16/u lidar_labels (6.570916ms)
2026/09/27 07:35:08 [migrate] 17/u create_lidar_bg_regions (6.615916ms)
2026/09/27 07:35:08 [migrate] 18/u add_quality_label (6.8735ms)
2026/09/27 07:35:08 [migrate] 19/u add_lidar_labels_scene_source (7.426917ms)
2026/09/27 07:35:08 [migrate] 20/u create_lidar_scenes (7.51875ms)
2026/09/27 07:35:08 [migrate] 21/u create_lidar_missed_regions (7.314833ms)
2026/09/27 07:35:08 [migrate] 22/u create_lidar_sweeps (7.134667ms)
2026/09/27 07:35:08 [migrate] 23/u add_vrlog_path (5.218958ms)
2026/09/27 07:35:08 [migrate] 24/u add_sweep_metadata (7.186667ms)
2026/09/27 07:35:08 [migrate] 25/u add_label_source (6.504208ms)
2026/09/27 07:35:08 [migrate] 26/u update_label_taxonomy (5.247042ms)
2026/09/27 07:35:08 [migrate] 27/u add_sweep_checkpoint (6.3835ms)
2026/09/27 07:35:08 [migrate] 28/u create_lidar_evaluations (6.372542ms)
2026/09/27 07:35:08 [migrate] 29/u expand_label_vocabulary (6.034083ms)
2026/09/27 07:35:08 [migrate] 30/u schema_simplification (25.710334ms)
2026/09/27 07:35:08 [migrate] 31/u table_naming (39.901791ms)
2026/09/27 07:35:08 [migrate] 32/u create_lidar_all_tracks_view (39.925166ms)
2026/09/27 07:35:08 [migrate] 33/u replay_annotations_and_eval_integrity (41.647375ms)
2026/09/27 07:35:08 [migrate] 34/u schema_hardening_pre_v050 (54.927625ms)
2026/09/27 07:35:08 [migrate] 35/u lidar_immutable_run_config (56.154208ms)
2026/09/27 07:35:08 [migrate] 36/u drop_legacy_params_json (62.217792ms)
2026/09/27 07:35:08 [migrate] 37/u seed_config_period_pi_day (63.151958ms)
2026/09/27 07:35:08 [migrate] 38/u create_radar_serial_config (62.079ms)
2026/09/27 07:35:08 [migrate] 39/u create_lidar_scenes (62.271875ms)
2026/09/27 07:35:08 [migrate] 40/u add_scene_vantages (62.806583ms)
2026/09/27 07:35:08 [migrate] 41/u drop_scene_vantages (45.1565ms)
2026/09/27 07:35:08 [migrate] 42/u create_lidar_capture_index (31.275084ms)
2026/09/27 07:35:08 [migrate] 43/u create_lidar_capture_jobs (31.477417ms)
2026/09/27 07:35:08 [migrate] 44/u replay_case_files (31.106709ms)
2026/09/27 07:35:08 [migrate] 45/u replay_case_geography (21.745625ms)
2026/09/27 07:35:08 [migrate] 46/u lidar_sites (19.218375ms)
2026/09/27 07:35:08 [migrate] 47/u lidar_observations (14.205833ms)
2026/09/27 07:35:08 [migrate] 48/u lidar_track_estimates (13.383ms)
2026/09/27 07:35:08 [migrate] 49/u lidar_track_residuals (13.18275ms)
2026/09/27 07:35:08 [migrate] 50/u lidar_track_estimate_revisions (13.034542ms)
2026/09/27 07:35:08 [migrate] 51/u lidar_interaction_persistence (13.023458ms)
2026/09/27 07:35:08 [migrate] 52/u lidar_track_solid_bodies (11.414833ms)
2026/09/27 07:35:08 [migrate] 53/u lidar_solid_body_support (13.557375ms)
2026/09/27 07:35:08 Database baselined at version 53
2026/09/27 07:35:08 replaying 4 capture file(s) (port 2369) through the perception pipeline
marina-webster-beach: repeat run
2026/09/27 07:36:55 experiment solid_body without an observation database: solid bodies are computed from the medoid only and not written
2026/09/27 07:36:55 replaying 4 capture file(s) (port 2369) through the perception pipeline
marina-webster-beach: capture time frames=11446 backward=0 duplicate=0 clamped_gaps=17 max_gap=4.200s
marina-webster-beach: continuity born=1800 confirmed=519 reacquired=4358 expired misses=1808 coast_age=0 missed_unknown=0 occluded_inferred=0 out_of_fov=0
marina-webster-beach: solid bodies=39399 near_edge_fixes=14557 (36.9%) lapses=402; lateral p99 point estimates 0.194 m, solid bodies 0.231 m over 3984 body-centre windows
columbus-broadway: first run across 7 capture(s)
2026/09/27 07:40:15 ran database initialisation script
2026/09/27 07:40:15 Database baselined at version 53
2026/09/27 07:40:15 replaying 7 capture file(s) (port 2369) through the perception pipeline
columbus-broadway: repeat run
2026/09/27 07:45:54 experiment solid_body without an observation database: solid bodies are computed from the medoid only and not written
2026/09/27 07:45:54 replaying 7 capture file(s) (port 2369) through the perception pipeline
columbus-broadway: capture time frames=20308 backward=0 duplicate=0 clamped_gaps=45 max_gap=5.900s
columbus-broadway: continuity born=7500 confirmed=2459 reacquired=9882 expired misses=7496 coast_age=0 missed_unknown=0 occluded_inferred=0 out_of_fov=0
columbus-broadway: solid bodies=77949 near_edge_fixes=40630 (52.1%) lapses=898; lateral p99 point estimates 0.254 m, solid bodies 0.388 m over 4077 body-centre windows
embarcadero-folsom: first run across 5 capture(s)
2026/09/27 07:51:29 ran database initialisation script
2026/09/27 07:51:29 Database baselined at version 53
2026/09/27 07:51:29 replaying 5 capture file(s) (port 2369) through the perception pipeline
embarcadero-folsom: repeat run
2026/09/27 07:53:56 experiment solid_body without an observation database: solid bodies are computed from the medoid only and not written
2026/09/27 07:53:56 replaying 5 capture file(s) (port 2369) through the perception pipeline
embarcadero-folsom: capture time frames=11851 backward=0 duplicate=0 clamped_gaps=13 max_gap=2.701s
embarcadero-folsom: continuity born=1869 confirmed=809 reacquired=3395 expired misses=1876 coast_age=0 missed_unknown=0 occluded_inferred=0 out_of_fov=0
embarcadero-folsom: solid bodies=42953 near_edge_fixes=23663 (55.1%) lapses=495; lateral p99 point estimates 0.245 m, solid bodies 0.291 m over 2464 body-centre windows
wrote 3 repeat-verified baseline(s) to /Users/david/s2-t0/sp256/out
     1513.10 real      2251.98 user       253.65 sys
           965984256  maximum resident set size
                   0  average shared memory size
                   0  average unshared data size
                   0  average unshared stack size
              860224  page reclaims
                1339  page faults
                   0  swaps
                  14  block input operations
                   0  block output operations
                   0  messages sent
                   0  messages received
             1302910  signals received
             1722220  voluntary context switches
            47745809  involuntary context switches
      26407166315727  instructions retired
       7545283619830  cycles elapsed
          1093848576  peak memory footprint
