wrote immutable source manifest /Users/david/s2-f3/t1t3fm/source-manifest.json (sha256:5f72e0b407d33c79c82305bd668d013b751364ae2432a354b9b2edd7b8f3458e)
marina-webster-beach: first run across 4 capture(s)
2026/09/27 14:25:48 ran database initialisation script
2026/09/27 14:25:48 [migrate] 1/u original_schema (1.072084ms)
2026/09/27 14:25:48 [migrate] 2/u json_and_write_timestamp (4.511ms)
2026/09/27 14:25:48 [migrate] 3/u rename_tables (5.65625ms)
2026/09/27 14:25:48 [migrate] 4/u create_lidar_bg_snapshot (4.878958ms)
2026/09/27 14:25:48 [migrate] 5/u create_radar_data_transits (5.0495ms)
2026/09/27 14:25:48 [migrate] 6/u create_radar_transit_links (4.900792ms)
2026/09/27 14:25:48 [migrate] 7/u create_site_table (6.3935ms)
2026/09/27 14:25:48 [migrate] 8/u create_site_reports (5.309167ms)
2026/09/27 14:25:48 [migrate] 9/u add_velocity_report_prefix (5.779167ms)
2026/09/27 14:25:48 [migrate] 10/u create_lidar_tracks (6.090583ms)
2026/09/27 14:25:48 [migrate] 11/u create_lidar_analysis_runs (7.36125ms)
2026/09/27 14:25:48 [migrate] 12/u add_track_quality_metrics (6.249125ms)
2026/09/27 14:25:48 [migrate] 13/u create_site_config_periods (5.690125ms)
2026/09/27 14:25:48 [migrate] 14/u remove_site_config_fields (5.631792ms)
2026/09/27 14:25:48 [migrate] 15/u add_site_map_fields (6.936917ms)
2026/09/27 14:25:48 [migrate] 16/u lidar_labels (6.945125ms)
2026/09/27 14:25:48 [migrate] 17/u create_lidar_bg_regions (6.861084ms)
2026/09/27 14:25:48 [migrate] 18/u add_quality_label (6.995542ms)
2026/09/27 14:25:48 [migrate] 19/u add_lidar_labels_scene_source (7.494834ms)
2026/09/27 14:25:48 [migrate] 20/u create_lidar_scenes (7.589417ms)
2026/09/27 14:25:48 [migrate] 21/u create_lidar_missed_regions (7.364709ms)
2026/09/27 14:25:48 [migrate] 22/u create_lidar_sweeps (7.143584ms)
2026/09/27 14:25:48 [migrate] 23/u add_vrlog_path (5.094084ms)
2026/09/27 14:25:48 [migrate] 24/u add_sweep_metadata (7.313167ms)
2026/09/27 14:25:48 [migrate] 25/u add_label_source (6.611ms)
2026/09/27 14:25:48 [migrate] 26/u update_label_taxonomy (5.339292ms)
2026/09/27 14:25:48 [migrate] 27/u add_sweep_checkpoint (6.591166ms)
2026/09/27 14:25:48 [migrate] 28/u create_lidar_evaluations (6.580416ms)
2026/09/27 14:25:48 [migrate] 29/u expand_label_vocabulary (6.274417ms)
2026/09/27 14:25:48 [migrate] 30/u schema_simplification (26.597125ms)
2026/09/27 14:25:48 [migrate] 31/u table_naming (41.524791ms)
2026/09/27 14:25:48 [migrate] 32/u create_lidar_all_tracks_view (41.602625ms)
2026/09/27 14:25:48 [migrate] 33/u replay_annotations_and_eval_integrity (43.3695ms)
2026/09/27 14:25:48 [migrate] 34/u schema_hardening_pre_v050 (57.932709ms)
2026/09/27 14:25:48 [migrate] 35/u lidar_immutable_run_config (58.921792ms)
2026/09/27 14:25:48 [migrate] 36/u drop_legacy_params_json (65.695625ms)
2026/09/27 14:25:48 [migrate] 37/u seed_config_period_pi_day (66.818458ms)
2026/09/27 14:25:48 [migrate] 38/u create_radar_serial_config (66.642792ms)
2026/09/27 14:25:48 [migrate] 39/u create_lidar_scenes (66.835542ms)
2026/09/27 14:25:48 [migrate] 40/u add_scene_vantages (67.374584ms)
2026/09/27 14:25:48 [migrate] 41/u drop_scene_vantages (49.179584ms)
2026/09/27 14:25:48 [migrate] 42/u create_lidar_capture_index (34.733ms)
2026/09/27 14:25:48 [migrate] 43/u create_lidar_capture_jobs (35.212417ms)
2026/09/27 14:25:48 [migrate] 44/u replay_case_files (36.122ms)
2026/09/27 14:25:48 [migrate] 45/u replay_case_geography (26.661041ms)
2026/09/27 14:25:48 [migrate] 46/u lidar_sites (24.553541ms)
2026/09/27 14:25:48 [migrate] 47/u lidar_observations (19.163958ms)
2026/09/27 14:25:48 [migrate] 48/u lidar_track_estimates (18.133542ms)
2026/09/27 14:25:48 [migrate] 49/u lidar_track_residuals (17.037541ms)
2026/09/27 14:25:48 [migrate] 50/u lidar_track_estimate_revisions (16.98675ms)
2026/09/27 14:25:48 [migrate] 51/u lidar_interaction_persistence (17.160042ms)
2026/09/27 14:25:48 [migrate] 52/u lidar_track_solid_bodies (15.443917ms)
2026/09/27 14:25:48 [migrate] 53/u lidar_solid_body_support (18.274708ms)
2026/09/27 14:25:48 Database baselined at version 53
2026/09/27 14:25:48 replaying 4 capture file(s) (port 2369) through the perception pipeline
marina-webster-beach: repeat run
2026/09/27 14:28:06 experiment solid_body without an observation database: solid bodies are computed from the medoid only and not written
2026/09/27 14:28:06 replaying 4 capture file(s) (port 2369) through the perception pipeline
marina-webster-beach: capture time frames=11446 backward=0 duplicate=0 clamped_gaps=17 max_gap=4.200s
marina-webster-beach: continuity born=1800 confirmed=519 reacquired=4358 expired misses=1808 coast_age=0 missed_unknown=0 occluded_inferred=0 out_of_fov=0
marina-webster-beach: solid bodies=39399 near_edge_fixes=16785 (42.6%) lapses=674; lateral p99 point estimates 0.183 m, solid bodies 0.154 m over 5588 body-centre windows
columbus-broadway: first run across 7 capture(s)
2026/09/27 14:31:44 ran database initialisation script
2026/09/27 14:31:44 Database baselined at version 53
2026/09/27 14:31:44 replaying 7 capture file(s) (port 2369) through the perception pipeline
columbus-broadway: repeat run
2026/09/27 14:39:43 experiment solid_body without an observation database: solid bodies are computed from the medoid only and not written
2026/09/27 14:39:43 replaying 7 capture file(s) (port 2369) through the perception pipeline
columbus-broadway: capture time frames=20308 backward=0 duplicate=0 clamped_gaps=45 max_gap=5.900s
columbus-broadway: continuity born=7500 confirmed=2459 reacquired=9882 expired misses=7496 coast_age=0 missed_unknown=0 occluded_inferred=0 out_of_fov=0
columbus-broadway: solid bodies=77949 near_edge_fixes=43294 (55.5%) lapses=1680; lateral p99 point estimates 0.228 m, solid bodies 0.287 m over 6833 body-centre windows
wrote 2 repeat-verified baseline(s) to /Users/david/s2-f3/t1t3fm/out
     1388.58 real      1720.42 user       279.94 sys
          1009205248  maximum resident set size
                   0  average shared memory size
                   0  average unshared data size
                   0  average unshared stack size
             4384842  page reclaims
                1769  page faults
                   0  swaps
                   4  block input operations
                   0  block output operations
                   0  messages sent
                   0  messages received
              713572  signals received
             2013515  voluntary context switches
            32173104  involuntary context switches
      19302418650681  instructions retired
       5915147058165  cycles elapsed
          1090784832  peak memory footprint
