wrote immutable source manifest /Users/david/s2-f3/t3fm/source-manifest.json (sha256:5f72e0b407d33c79c82305bd668d013b751364ae2432a354b9b2edd7b8f3458e)
marina-webster-beach: first run across 4 capture(s)
2026/09/27 14:25:48 ran database initialisation script
2026/09/27 14:25:48 [migrate] 1/u original_schema (288.083µs)
2026/09/27 14:25:48 [migrate] 2/u json_and_write_timestamp (1.457917ms)
2026/09/27 14:25:48 [migrate] 3/u rename_tables (2.788625ms)
2026/09/27 14:25:48 [migrate] 4/u create_lidar_bg_snapshot (2.925584ms)
2026/09/27 14:25:48 [migrate] 5/u create_radar_data_transits (3.054625ms)
2026/09/27 14:25:48 [migrate] 6/u create_radar_transit_links (3.265375ms)
2026/09/27 14:25:48 [migrate] 7/u create_site_table (3.428542ms)
2026/09/27 14:25:48 [migrate] 8/u create_site_reports (3.601291ms)
2026/09/27 14:25:48 [migrate] 9/u add_velocity_report_prefix (3.650958ms)
2026/09/27 14:25:48 [migrate] 10/u create_lidar_tracks (3.941667ms)
2026/09/27 14:25:48 [migrate] 11/u create_lidar_analysis_runs (4.376541ms)
2026/09/27 14:25:48 [migrate] 12/u add_track_quality_metrics (6.303083ms)
2026/09/27 14:25:48 [migrate] 13/u create_site_config_periods (5.820666ms)
2026/09/27 14:25:48 [migrate] 14/u remove_site_config_fields (5.662042ms)
2026/09/27 14:25:48 [migrate] 15/u add_site_map_fields (6.946667ms)
2026/09/27 14:25:48 [migrate] 16/u lidar_labels (6.984708ms)
2026/09/27 14:25:48 [migrate] 17/u create_lidar_bg_regions (7.0705ms)
2026/09/27 14:25:48 [migrate] 18/u add_quality_label (7.329584ms)
2026/09/27 14:25:48 [migrate] 19/u add_lidar_labels_scene_source (7.884083ms)
2026/09/27 14:25:48 [migrate] 20/u create_lidar_scenes (7.990291ms)
2026/09/27 14:25:48 [migrate] 21/u create_lidar_missed_regions (7.790583ms)
2026/09/27 14:25:48 [migrate] 22/u create_lidar_sweeps (7.583834ms)
2026/09/27 14:25:48 [migrate] 23/u add_vrlog_path (5.374833ms)
2026/09/27 14:25:48 [migrate] 24/u add_sweep_metadata (7.614333ms)
2026/09/27 14:25:48 [migrate] 25/u add_label_source (6.891333ms)
2026/09/27 14:25:48 [migrate] 26/u update_label_taxonomy (5.611417ms)
2026/09/27 14:25:48 [migrate] 27/u add_sweep_checkpoint (6.83425ms)
2026/09/27 14:25:48 [migrate] 28/u create_lidar_evaluations (6.775625ms)
2026/09/27 14:25:48 [migrate] 29/u expand_label_vocabulary (6.432084ms)
2026/09/27 14:25:48 [migrate] 30/u schema_simplification (27.608208ms)
2026/09/27 14:25:48 [migrate] 31/u table_naming (42.190875ms)
2026/09/27 14:25:48 [migrate] 32/u create_lidar_all_tracks_view (42.246459ms)
2026/09/27 14:25:48 [migrate] 33/u replay_annotations_and_eval_integrity (43.977875ms)
2026/09/27 14:25:48 [migrate] 34/u schema_hardening_pre_v050 (58.376459ms)
2026/09/27 14:25:48 [migrate] 35/u lidar_immutable_run_config (59.381375ms)
2026/09/27 14:25:48 [migrate] 36/u drop_legacy_params_json (65.709875ms)
2026/09/27 14:25:48 [migrate] 37/u seed_config_period_pi_day (67.088417ms)
2026/09/27 14:25:48 [migrate] 38/u create_radar_serial_config (66.011417ms)
2026/09/27 14:25:48 [migrate] 39/u create_lidar_scenes (66.162584ms)
2026/09/27 14:25:48 [migrate] 40/u add_scene_vantages (66.787542ms)
2026/09/27 14:25:48 [migrate] 41/u drop_scene_vantages (48.55525ms)
2026/09/27 14:25:48 [migrate] 42/u create_lidar_capture_index (34.284791ms)
2026/09/27 14:25:48 [migrate] 43/u create_lidar_capture_jobs (34.677667ms)
2026/09/27 14:25:48 [migrate] 44/u replay_case_files (36.157667ms)
2026/09/27 14:25:48 [migrate] 45/u replay_case_geography (26.603542ms)
2026/09/27 14:25:48 [migrate] 46/u lidar_sites (24.562542ms)
2026/09/27 14:25:48 [migrate] 47/u lidar_observations (20.098458ms)
2026/09/27 14:25:48 [migrate] 48/u lidar_track_estimates (18.807209ms)
2026/09/27 14:25:48 [migrate] 49/u lidar_track_residuals (18.662459ms)
2026/09/27 14:25:48 [migrate] 50/u lidar_track_estimate_revisions (18.52275ms)
2026/09/27 14:25:48 [migrate] 51/u lidar_interaction_persistence (18.432708ms)
2026/09/27 14:25:48 [migrate] 52/u lidar_track_solid_bodies (15.824458ms)
2026/09/27 14:25:48 [migrate] 53/u lidar_solid_body_support (18.505917ms)
2026/09/27 14:25:48 Database baselined at version 53
2026/09/27 14:25:48 replaying 4 capture file(s) (port 2369) through the perception pipeline
marina-webster-beach: repeat run
2026/09/27 14:28:07 experiment solid_body without an observation database: solid bodies are computed from the medoid only and not written
2026/09/27 14:28:07 replaying 4 capture file(s) (port 2369) through the perception pipeline
marina-webster-beach: capture time frames=11446 backward=0 duplicate=0 clamped_gaps=17 max_gap=4.200s
marina-webster-beach: continuity born=1800 confirmed=519 reacquired=4358 expired misses=1808 coast_age=0 missed_unknown=0 occluded_inferred=0 out_of_fov=0
marina-webster-beach: solid bodies=39399 near_edge_fixes=18351 (46.6%) lapses=514; lateral p99 point estimates 0.198 m, solid bodies 0.182 m over 6052 body-centre windows
columbus-broadway: first run across 7 capture(s)
2026/09/27 14:31:44 ran database initialisation script
2026/09/27 14:31:44 Database baselined at version 53
2026/09/27 14:31:44 replaying 7 capture file(s) (port 2369) through the perception pipeline
columbus-broadway: repeat run
2026/09/27 14:39:42 experiment solid_body without an observation database: solid bodies are computed from the medoid only and not written
2026/09/27 14:39:42 replaying 7 capture file(s) (port 2369) through the perception pipeline
columbus-broadway: capture time frames=20308 backward=0 duplicate=0 clamped_gaps=45 max_gap=5.900s
columbus-broadway: continuity born=7500 confirmed=2459 reacquired=9882 expired misses=7496 coast_age=0 missed_unknown=0 occluded_inferred=0 out_of_fov=0
columbus-broadway: solid bodies=77949 near_edge_fixes=47664 (61.1%) lapses=1039; lateral p99 point estimates 0.270 m, solid bodies 0.401 m over 7869 body-centre windows
wrote 2 repeat-verified baseline(s) to /Users/david/s2-f3/t3fm/out
     1387.52 real      1717.69 user       284.41 sys
           971751424  maximum resident set size
                   0  average shared memory size
                   0  average unshared data size
                   0  average unshared stack size
             4289850  page reclaims
                1741  page faults
                   0  swaps
                   3  block input operations
                   1  block output operations
                   0  messages sent
                   0  messages received
              719409  signals received
             2093989  voluntary context switches
            31177102  involuntary context switches
      19308442254429  instructions retired
       5920376860563  cycles elapsed
          1055493632  peak memory footprint
