wrote immutable source manifest /Users/david/s2-f4/tuning/source-manifest.json (sha256:5f72e0b407d33c79c82305bd668d013b751364ae2432a354b9b2edd7b8f3458e)
marina-webster-beach: first run across 4 capture(s)
2026/09/27 21:46:01 ran database initialisation script
2026/09/27 21:46:01 [migrate] 1/u original_schema (210.25µs)
2026/09/27 21:46:01 [migrate] 2/u json_and_write_timestamp (2.145958ms)
2026/09/27 21:46:01 [migrate] 3/u rename_tables (3.089125ms)
2026/09/27 21:46:01 [migrate] 4/u create_lidar_bg_snapshot (3.947125ms)
2026/09/27 21:46:01 [migrate] 5/u create_radar_data_transits (3.656ms)
2026/09/27 21:46:01 [migrate] 6/u create_radar_transit_links (3.784584ms)
2026/09/27 21:46:01 [migrate] 7/u create_site_table (4.426459ms)
2026/09/27 21:46:01 [migrate] 8/u create_site_reports (4.170667ms)
2026/09/27 21:46:01 [migrate] 9/u add_velocity_report_prefix (4.597ms)
2026/09/27 21:46:01 [migrate] 10/u create_lidar_tracks (4.691125ms)
2026/09/27 21:46:01 [migrate] 11/u create_lidar_analysis_runs (5.626958ms)
2026/09/27 21:46:01 [migrate] 12/u add_track_quality_metrics (7.164292ms)
2026/09/27 21:46:01 [migrate] 13/u create_site_config_periods (5.594541ms)
2026/09/27 21:46:01 [migrate] 14/u remove_site_config_fields (5.687084ms)
2026/09/27 21:46:01 [migrate] 15/u add_site_map_fields (7.576584ms)
2026/09/27 21:46:01 [migrate] 16/u lidar_labels (7.989417ms)
2026/09/27 21:46:01 [migrate] 17/u create_lidar_bg_regions (8.159666ms)
2026/09/27 21:46:01 [migrate] 18/u add_quality_label (8.843083ms)
2026/09/27 21:46:01 [migrate] 19/u add_lidar_labels_scene_source (9.475834ms)
2026/09/27 21:46:01 [migrate] 20/u create_lidar_scenes (9.651083ms)
2026/09/27 21:46:01 [migrate] 21/u create_lidar_missed_regions (9.463708ms)
2026/09/27 21:46:01 [migrate] 22/u create_lidar_sweeps (9.28125ms)
2026/09/27 21:46:01 [migrate] 23/u add_vrlog_path (7.184208ms)
2026/09/27 21:46:01 [migrate] 24/u add_sweep_metadata (9.879792ms)
2026/09/27 21:46:01 [migrate] 25/u add_label_source (8.906625ms)
2026/09/27 21:46:01 [migrate] 26/u update_label_taxonomy (6.989791ms)
2026/09/27 21:46:01 [migrate] 27/u add_sweep_checkpoint (8.360542ms)
2026/09/27 21:46:01 [migrate] 28/u create_lidar_evaluations (7.829333ms)
2026/09/27 21:46:01 [migrate] 29/u expand_label_vocabulary (7.330125ms)
2026/09/27 21:46:01 [migrate] 30/u schema_simplification (42.316542ms)
2026/09/27 21:46:01 [migrate] 31/u table_naming (69.680958ms)
2026/09/27 21:46:01 [migrate] 32/u create_lidar_all_tracks_view (69.748416ms)
2026/09/27 21:46:01 [migrate] 33/u replay_annotations_and_eval_integrity (71.642417ms)
2026/09/27 21:46:01 [migrate] 34/u schema_hardening_pre_v050 (98.008375ms)
2026/09/27 21:46:01 [migrate] 35/u lidar_immutable_run_config (100.558625ms)
2026/09/27 21:46:01 [migrate] 36/u drop_legacy_params_json (109.842042ms)
2026/09/27 21:46:01 [migrate] 37/u seed_config_period_pi_day (111.267375ms)
2026/09/27 21:46:01 [migrate] 38/u create_radar_serial_config (110.013917ms)
2026/09/27 21:46:01 [migrate] 39/u create_lidar_scenes (110.270334ms)
2026/09/27 21:46:01 [migrate] 40/u add_scene_vantages (111.410667ms)
2026/09/27 21:46:01 [migrate] 41/u drop_scene_vantages (77.470541ms)
2026/09/27 21:46:01 [migrate] 42/u create_lidar_capture_index (51.149208ms)
2026/09/27 21:46:01 [migrate] 43/u create_lidar_capture_jobs (51.505709ms)
2026/09/27 21:46:01 [migrate] 44/u replay_case_files (51.222375ms)
2026/09/27 21:46:01 [migrate] 45/u replay_case_geography (27.374875ms)
2026/09/27 21:46:01 [migrate] 46/u lidar_sites (24.223542ms)
2026/09/27 21:46:01 [migrate] 47/u lidar_observations (16.464333ms)
2026/09/27 21:46:01 [migrate] 48/u lidar_track_estimates (15.3985ms)
2026/09/27 21:46:01 [migrate] 49/u lidar_track_residuals (14.747584ms)
2026/09/27 21:46:01 [migrate] 50/u lidar_track_estimate_revisions (14.745042ms)
2026/09/27 21:46:01 [migrate] 51/u lidar_interaction_persistence (14.243584ms)
2026/09/27 21:46:01 [migrate] 52/u lidar_track_solid_bodies (12.413875ms)
2026/09/27 21:46:01 [migrate] 53/u lidar_solid_body_support (14.787708ms)
2026/09/27 21:46:01 Database baselined at version 53
2026/09/27 21:46:01 replaying 4 capture file(s) (port 2369) through the perception pipeline
marina-webster-beach: repeat run
2026/09/27 21:48:42 experiment solid_body without an observation database: solid bodies are computed from the medoid only and not written
2026/09/27 21:48:42 replaying 4 capture file(s) (port 2369) through the perception pipeline
marina-webster-beach: capture time frames=11446 backward=0 duplicate=0 clamped_gaps=17 max_gap=4.200s
marina-webster-beach: continuity born=1800 confirmed=519 reacquired=4358 expired misses=1808 coast_age=0 missed_unknown=0 occluded_inferred=0 out_of_fov=0
marina-webster-beach: solid bodies=39399 near_edge_fixes=16722 (42.4%) lapses=676; lateral p99 point estimates 0.183 m, solid bodies 0.158 m over 5586 body-centre windows
columbus-broadway: first run across 7 capture(s)
2026/09/27 21:52:40 ran database initialisation script
2026/09/27 21:52:40 Database baselined at version 53
2026/09/27 21:52:40 replaying 7 capture file(s) (port 2369) through the perception pipeline
columbus-broadway: repeat run
2026/09/27 22:00:18 experiment solid_body without an observation database: solid bodies are computed from the medoid only and not written
2026/09/27 22:00:18 replaying 7 capture file(s) (port 2369) through the perception pipeline
columbus-broadway: capture time frames=20308 backward=0 duplicate=0 clamped_gaps=45 max_gap=5.900s
columbus-broadway: continuity born=7500 confirmed=2459 reacquired=9882 expired misses=7496 coast_age=0 missed_unknown=0 occluded_inferred=0 out_of_fov=0
columbus-broadway: solid bodies=77949 near_edge_fixes=43106 (55.3%) lapses=1695; lateral p99 point estimates 0.226 m, solid bodies 0.280 m over 6809 body-centre windows
wrote 2 repeat-verified baseline(s) to /Users/david/s2-f4/tuning/out
     1611.20 real      1671.60 user       240.53 sys
           952074240  maximum resident set size
                   0  average shared memory size
                   0  average unshared data size
                   0  average unshared stack size
             3098945  page reclaims
                2050  page faults
                   0  swaps
                  11  block input operations
                   0  block output operations
                   0  messages sent
                   0  messages received
              778870  signals received
             2465553  voluntary context switches
            32606815  involuntary context switches
      19488592055851  instructions retired
       5746174069379  cycles elapsed
          1033883136  peak memory footprint
