wrote immutable source manifest /Users/david/s2-f2/fm/source-manifest.json (sha256:5f72e0b407d33c79c82305bd668d013b751364ae2432a354b9b2edd7b8f3458e)
marina-webster-beach: first run across 4 capture(s)
2026/09/27 10:49:12 ran database initialisation script
2026/09/27 10:49:12 [migrate] 1/u original_schema (214.583µs)
2026/09/27 10:49:12 [migrate] 2/u json_and_write_timestamp (2.489917ms)
2026/09/27 10:49:12 [migrate] 3/u rename_tables (2.516625ms)
2026/09/27 10:49:12 [migrate] 4/u create_lidar_bg_snapshot (2.782792ms)
2026/09/27 10:49:12 [migrate] 5/u create_radar_data_transits (4.289708ms)
2026/09/27 10:49:12 [migrate] 6/u create_radar_transit_links (4.507209ms)
2026/09/27 10:49:12 [migrate] 7/u create_site_table (4.715417ms)
2026/09/27 10:49:12 [migrate] 8/u create_site_reports (4.880292ms)
2026/09/27 10:49:12 [migrate] 9/u add_velocity_report_prefix (4.925042ms)
2026/09/27 10:49:12 [migrate] 10/u create_lidar_tracks (5.313166ms)
2026/09/27 10:49:12 [migrate] 11/u create_lidar_analysis_runs (5.7435ms)
2026/09/27 10:49:12 [migrate] 12/u add_track_quality_metrics (7.785209ms)
2026/09/27 10:49:12 [migrate] 13/u create_site_config_periods (7.225916ms)
2026/09/27 10:49:12 [migrate] 14/u remove_site_config_fields (7.2435ms)
2026/09/27 10:49:12 [migrate] 15/u add_site_map_fields (8.421708ms)
2026/09/27 10:49:12 [migrate] 16/u lidar_labels (8.502083ms)
2026/09/27 10:49:12 [migrate] 17/u create_lidar_bg_regions (8.525542ms)
2026/09/27 10:49:12 [migrate] 18/u add_quality_label (8.883625ms)
2026/09/27 10:49:12 [migrate] 19/u add_lidar_labels_scene_source (9.605ms)
2026/09/27 10:49:12 [migrate] 20/u create_lidar_scenes (9.777125ms)
2026/09/27 10:49:12 [migrate] 21/u create_lidar_missed_regions (9.565375ms)
2026/09/27 10:49:12 [migrate] 22/u create_lidar_sweeps (9.419667ms)
2026/09/27 10:49:12 [migrate] 23/u add_vrlog_path (6.842ms)
2026/09/27 10:49:12 [migrate] 24/u add_sweep_metadata (10.548042ms)
2026/09/27 10:49:12 [migrate] 25/u add_label_source (9.892917ms)
2026/09/27 10:49:12 [migrate] 26/u update_label_taxonomy (8.594041ms)
2026/09/27 10:49:12 [migrate] 27/u add_sweep_checkpoint (10.48125ms)
2026/09/27 10:49:12 [migrate] 28/u create_lidar_evaluations (10.388417ms)
2026/09/27 10:49:12 [migrate] 29/u expand_label_vocabulary (9.969791ms)
2026/09/27 10:49:12 [migrate] 30/u schema_simplification (38.155416ms)
2026/09/27 10:49:12 [migrate] 31/u table_naming (56.580875ms)
2026/09/27 10:49:12 [migrate] 32/u create_lidar_all_tracks_view (56.5975ms)
2026/09/27 10:49:12 [migrate] 33/u replay_annotations_and_eval_integrity (58.816083ms)
2026/09/27 10:49:12 [migrate] 34/u schema_hardening_pre_v050 (73.356375ms)
2026/09/27 10:49:13 [migrate] 35/u lidar_immutable_run_config (72.91525ms)
2026/09/27 10:49:13 [migrate] 36/u drop_legacy_params_json (79.754458ms)
2026/09/27 10:49:13 [migrate] 37/u seed_config_period_pi_day (81.666958ms)
2026/09/27 10:49:13 [migrate] 38/u create_radar_serial_config (79.640875ms)
2026/09/27 10:49:13 [migrate] 39/u create_lidar_scenes (79.716958ms)
2026/09/27 10:49:13 [migrate] 40/u add_scene_vantages (80.366417ms)
2026/09/27 10:49:13 [migrate] 41/u drop_scene_vantages (54.537833ms)
2026/09/27 10:49:13 [migrate] 42/u create_lidar_capture_index (36.3755ms)
2026/09/27 10:49:13 [migrate] 43/u create_lidar_capture_jobs (36.789958ms)
2026/09/27 10:49:13 [migrate] 44/u replay_case_files (40.012833ms)
2026/09/27 10:49:13 [migrate] 45/u replay_case_geography (50.292625ms)
2026/09/27 10:49:13 [migrate] 46/u lidar_sites (49.803417ms)
2026/09/27 10:49:13 [migrate] 47/u lidar_observations (46.173834ms)
2026/09/27 10:49:13 [migrate] 48/u lidar_track_estimates (44.873625ms)
2026/09/27 10:49:13 [migrate] 49/u lidar_track_residuals (45.223333ms)
2026/09/27 10:49:13 [migrate] 50/u lidar_track_estimate_revisions (45.401833ms)
2026/09/27 10:49:13 [migrate] 51/u lidar_interaction_persistence (46.064083ms)
2026/09/27 10:49:13 [migrate] 52/u lidar_track_solid_bodies (44.585417ms)
2026/09/27 10:49:13 [migrate] 53/u lidar_solid_body_support (48.825125ms)
2026/09/27 10:49:13 Database baselined at version 53
2026/09/27 10:49:13 replaying 4 capture file(s) (port 2369) through the perception pipeline
marina-webster-beach: repeat run
2026/09/27 10:52:32 experiment solid_body without an observation database: solid bodies are computed from the medoid only and not written
2026/09/27 10:52:32 replaying 4 capture file(s) (port 2369) through the perception pipeline
marina-webster-beach: capture time frames=11446 backward=0 duplicate=0 clamped_gaps=17 max_gap=4.200s
marina-webster-beach: continuity born=1800 confirmed=519 reacquired=4358 expired misses=1808 coast_age=0 missed_unknown=0 occluded_inferred=0 out_of_fov=0
marina-webster-beach: solid bodies=39399 near_edge_fixes=14557 (36.9%) lapses=402; lateral p99 point estimates 0.194 m, solid bodies 0.231 m over 3984 body-centre windows
columbus-broadway: first run across 7 capture(s)
2026/09/27 10:56:27 ran database initialisation script
2026/09/27 10:56:27 Database baselined at version 53
2026/09/27 10:56:27 replaying 7 capture file(s) (port 2369) through the perception pipeline
columbus-broadway: repeat run
2026/09/27 11:03:58 experiment solid_body without an observation database: solid bodies are computed from the medoid only and not written
2026/09/27 11:03:58 replaying 7 capture file(s) (port 2369) through the perception pipeline
columbus-broadway: capture time frames=20308 backward=0 duplicate=0 clamped_gaps=45 max_gap=5.900s
columbus-broadway: continuity born=7500 confirmed=2459 reacquired=9882 expired misses=7496 coast_age=0 missed_unknown=0 occluded_inferred=0 out_of_fov=0
columbus-broadway: solid bodies=77949 near_edge_fixes=40630 (52.1%) lapses=898; lateral p99 point estimates 0.254 m, solid bodies 0.386 m over 4096 body-centre windows
wrote 2 repeat-verified baseline(s) to /Users/david/s2-f2/fm/out
     1457.77 real      1716.66 user       267.53 sys
           963575808  maximum resident set size
                   0  average shared memory size
                   0  average unshared data size
                   0  average unshared stack size
             6362962  page reclaims
                2707  page faults
                   0  swaps
                  28  block input operations
                   0  block output operations
                   0  messages sent
                   0  messages received
              737874  signals received
             1683477  voluntary context switches
            26090877  involuntary context switches
      19045432238726  instructions retired
       5821848678684  cycles elapsed
          1049792000  peak memory footprint
