wrote immutable source manifest /Users/david/s2-f2/t1fm/source-manifest.json (sha256:5f72e0b407d33c79c82305bd668d013b751364ae2432a354b9b2edd7b8f3458e)
marina-webster-beach: first run across 4 capture(s)
2026/09/27 10:49:12 ran database initialisation script
2026/09/27 10:49:12 [migrate] 1/u original_schema (934.958µs)
2026/09/27 10:49:12 [migrate] 2/u json_and_write_timestamp (2.234917ms)
2026/09/27 10:49:12 [migrate] 3/u rename_tables (3.52775ms)
2026/09/27 10:49:12 [migrate] 4/u create_lidar_bg_snapshot (3.717791ms)
2026/09/27 10:49:12 [migrate] 5/u create_radar_data_transits (3.849916ms)
2026/09/27 10:49:12 [migrate] 6/u create_radar_transit_links (3.462958ms)
2026/09/27 10:49:12 [migrate] 7/u create_site_table (4.212291ms)
2026/09/27 10:49:12 [migrate] 8/u create_site_reports (3.813958ms)
2026/09/27 10:49:12 [migrate] 9/u add_velocity_report_prefix (4.418708ms)
2026/09/27 10:49:12 [migrate] 10/u create_lidar_tracks (4.500083ms)
2026/09/27 10:49:12 [migrate] 11/u create_lidar_analysis_runs (5.5485ms)
2026/09/27 10:49:12 [migrate] 12/u add_track_quality_metrics (7.979917ms)
2026/09/27 10:49:12 [migrate] 13/u create_site_config_periods (7.322792ms)
2026/09/27 10:49:12 [migrate] 14/u remove_site_config_fields (7.201917ms)
2026/09/27 10:49:12 [migrate] 15/u add_site_map_fields (8.861375ms)
2026/09/27 10:49:12 [migrate] 16/u lidar_labels (8.843625ms)
2026/09/27 10:49:12 [migrate] 17/u create_lidar_bg_regions (8.915541ms)
2026/09/27 10:49:12 [migrate] 18/u add_quality_label (9.108833ms)
2026/09/27 10:49:12 [migrate] 19/u add_lidar_labels_scene_source (9.979875ms)
2026/09/27 10:49:12 [migrate] 20/u create_lidar_scenes (10.11575ms)
2026/09/27 10:49:12 [migrate] 21/u create_lidar_missed_regions (9.641625ms)
2026/09/27 10:49:12 [migrate] 22/u create_lidar_sweeps (9.391667ms)
2026/09/27 10:49:12 [migrate] 23/u add_vrlog_path (6.606916ms)
2026/09/27 10:49:12 [migrate] 24/u add_sweep_metadata (10.173084ms)
2026/09/27 10:49:12 [migrate] 25/u add_label_source (9.364041ms)
2026/09/27 10:49:12 [migrate] 26/u update_label_taxonomy (7.825792ms)
2026/09/27 10:49:12 [migrate] 27/u add_sweep_checkpoint (9.926583ms)
2026/09/27 10:49:12 [migrate] 28/u create_lidar_evaluations (9.953666ms)
2026/09/27 10:49:12 [migrate] 29/u expand_label_vocabulary (9.699416ms)
2026/09/27 10:49:12 [migrate] 30/u schema_simplification (38.360167ms)
2026/09/27 10:49:12 [migrate] 31/u table_naming (56.700667ms)
2026/09/27 10:49:12 [migrate] 32/u create_lidar_all_tracks_view (56.825042ms)
2026/09/27 10:49:12 [migrate] 33/u replay_annotations_and_eval_integrity (58.752916ms)
2026/09/27 10:49:12 [migrate] 34/u schema_hardening_pre_v050 (73.246084ms)
2026/09/27 10:49:13 [migrate] 35/u lidar_immutable_run_config (73.104125ms)
2026/09/27 10:49:13 [migrate] 36/u drop_legacy_params_json (79.971ms)
2026/09/27 10:49:13 [migrate] 37/u seed_config_period_pi_day (81.678541ms)
2026/09/27 10:49:13 [migrate] 38/u create_radar_serial_config (80.117958ms)
2026/09/27 10:49:13 [migrate] 39/u create_lidar_scenes (80.368125ms)
2026/09/27 10:49:13 [migrate] 40/u add_scene_vantages (81.164625ms)
2026/09/27 10:49:13 [migrate] 41/u drop_scene_vantages (54.797458ms)
2026/09/27 10:49:13 [migrate] 42/u create_lidar_capture_index (36.764083ms)
2026/09/27 10:49:13 [migrate] 43/u create_lidar_capture_jobs (36.787333ms)
2026/09/27 10:49:13 [migrate] 44/u replay_case_files (36.174375ms)
2026/09/27 10:49:13 [migrate] 45/u replay_case_geography (42.245417ms)
2026/09/27 10:49:13 [migrate] 46/u lidar_sites (46.627084ms)
2026/09/27 10:49:13 [migrate] 47/u lidar_observations (44.557292ms)
2026/09/27 10:49:13 [migrate] 48/u lidar_track_estimates (43.414625ms)
2026/09/27 10:49:13 [migrate] 49/u lidar_track_residuals (42.869833ms)
2026/09/27 10:49:13 [migrate] 50/u lidar_track_estimate_revisions (42.623958ms)
2026/09/27 10:49:13 [migrate] 51/u lidar_interaction_persistence (44.101542ms)
2026/09/27 10:49:13 [migrate] 52/u lidar_track_solid_bodies (42.907792ms)
2026/09/27 10:49:13 [migrate] 53/u lidar_solid_body_support (45.714708ms)
2026/09/27 10:49:13 Database baselined at version 53
2026/09/27 10:49:13 replaying 4 capture file(s) (port 2369) through the perception pipeline
marina-webster-beach: repeat run
2026/09/27 10:52:33 experiment solid_body without an observation database: solid bodies are computed from the medoid only and not written
2026/09/27 10:52:33 replaying 4 capture file(s) (port 2369) through the perception pipeline
marina-webster-beach: capture time frames=11446 backward=0 duplicate=0 clamped_gaps=17 max_gap=4.200s
marina-webster-beach: continuity born=1800 confirmed=519 reacquired=4358 expired misses=1808 coast_age=0 missed_unknown=0 occluded_inferred=0 out_of_fov=0
marina-webster-beach: solid bodies=39399 near_edge_fixes=13570 (34.4%) lapses=587; lateral p99 point estimates 0.180 m, solid bodies 0.159 m over 3664 body-centre windows
columbus-broadway: first run across 7 capture(s)
2026/09/27 10:56:27 ran database initialisation script
2026/09/27 10:56:27 Database baselined at version 53
2026/09/27 10:56:27 replaying 7 capture file(s) (port 2369) through the perception pipeline
columbus-broadway: repeat run
2026/09/27 11:03:59 experiment solid_body without an observation database: solid bodies are computed from the medoid only and not written
2026/09/27 11:03:59 replaying 7 capture file(s) (port 2369) through the perception pipeline
columbus-broadway: capture time frames=20308 backward=0 duplicate=0 clamped_gaps=45 max_gap=5.900s
columbus-broadway: continuity born=7500 confirmed=2459 reacquired=9882 expired misses=7496 coast_age=0 missed_unknown=0 occluded_inferred=0 out_of_fov=0
columbus-broadway: solid bodies=77949 near_edge_fixes=37130 (47.6%) lapses=1363; lateral p99 point estimates 0.197 m, solid bodies 0.344 m over 3524 body-centre windows
wrote 2 repeat-verified baseline(s) to /Users/david/s2-f2/t1fm/out
     1460.31 real      1740.60 user       279.59 sys
           982319104  maximum resident set size
                   0  average shared memory size
                   0  average unshared data size
                   0  average unshared stack size
             6647730  page reclaims
                1912  page faults
                   0  swaps
                   2  block input operations
                   2  block output operations
                   0  messages sent
                   0  messages received
              751868  signals received
             1427282  voluntary context switches
            33494798  involuntary context switches
      19181846516416  instructions retired
       5923793324304  cycles elapsed
          1072860736  peak memory footprint
